// Vitest Snapshot v1

exports[`Grid > createGrid 1`] = `
[
  {
    "box": 0,
    "col": 0,
    "options": [],
    "row": 0,
    "value": null,
  },
  {
    "box": 0,
    "col": 1,
    "options": [],
    "row": 0,
    "value": null,
  },
  {
    "box": 0,
    "col": 2,
    "options": [],
    "row": 0,
    "value": null,
  },
  {
    "box": 1,
    "col": 3,
    "options": [],
    "row": 0,
    "value": null,
  },
  {
    "box": 1,
    "col": 4,
    "options": [],
    "row": 0,
    "value": null,
  },
  {
    "box": 1,
    "col": 5,
    "options": [],
    "row": 0,
    "value": null,
  },
  {
    "box": 2,
    "col": 6,
    "options": [],
    "row": 0,
    "value": null,
  },
  {
    "box": 2,
    "col": 7,
    "options": [],
    "row": 0,
    "value": null,
  },
  {
    "box": 2,
    "col": 8,
    "options": [],
    "row": 0,
    "value": null,
  },
  {
    "box": 0,
    "col": 0,
    "options": [],
    "row": 1,
    "value": null,
  },
  {
    "box": 0,
    "col": 1,
    "options": [],
    "row": 1,
    "value": null,
  },
  {
    "box": 0,
    "col": 2,
    "options": [],
    "row": 1,
    "value": null,
  },
  {
    "box": 1,
    "col": 3,
    "options": [],
    "row": 1,
    "value": null,
  },
  {
    "box": 1,
    "col": 4,
    "options": [],
    "row": 1,
    "value": null,
  },
  {
    "box": 1,
    "col": 5,
    "options": [],
    "row": 1,
    "value": null,
  },
  {
    "box": 2,
    "col": 6,
    "options": [],
    "row": 1,
    "value": null,
  },
  {
    "box": 2,
    "col": 7,
    "options": [],
    "row": 1,
    "value": null,
  },
  {
    "box": 2,
    "col": 8,
    "options": [],
    "row": 1,
    "value": null,
  },
  {
    "box": 0,
    "col": 0,
    "options": [],
    "row": 2,
    "value": null,
  },
  {
    "box": 0,
    "col": 1,
    "options": [],
    "row": 2,
    "value": null,
  },
  {
    "box": 0,
    "col": 2,
    "options": [],
    "row": 2,
    "value": null,
  },
  {
    "box": 1,
    "col": 3,
    "options": [],
    "row": 2,
    "value": null,
  },
  {
    "box": 1,
    "col": 4,
    "options": [],
    "row": 2,
    "value": null,
  },
  {
    "box": 1,
    "col": 5,
    "options": [],
    "row": 2,
    "value": null,
  },
  {
    "box": 2,
    "col": 6,
    "options": [],
    "row": 2,
    "value": null,
  },
  {
    "box": 2,
    "col": 7,
    "options": [],
    "row": 2,
    "value": null,
  },
  {
    "box": 2,
    "col": 8,
    "options": [],
    "row": 2,
    "value": null,
  },
  {
    "box": 3,
    "col": 0,
    "options": [],
    "row": 3,
    "value": null,
  },
  {
    "box": 3,
    "col": 1,
    "options": [],
    "row": 3,
    "value": null,
  },
  {
    "box": 3,
    "col": 2,
    "options": [],
    "row": 3,
    "value": null,
  },
  {
    "box": 4,
    "col": 3,
    "options": [],
    "row": 3,
    "value": null,
  },
  {
    "box": 4,
    "col": 4,
    "options": [],
    "row": 3,
    "value": null,
  },
  {
    "box": 4,
    "col": 5,
    "options": [],
    "row": 3,
    "value": null,
  },
  {
    "box": 5,
    "col": 6,
    "options": [],
    "row": 3,
    "value": null,
  },
  {
    "box": 5,
    "col": 7,
    "options": [],
    "row": 3,
    "value": null,
  },
  {
    "box": 5,
    "col": 8,
    "options": [],
    "row": 3,
    "value": null,
  },
  {
    "box": 3,
    "col": 0,
    "options": [],
    "row": 4,
    "value": null,
  },
  {
    "box": 3,
    "col": 1,
    "options": [],
    "row": 4,
    "value": null,
  },
  {
    "box": 3,
    "col": 2,
    "options": [],
    "row": 4,
    "value": null,
  },
  {
    "box": 4,
    "col": 3,
    "options": [],
    "row": 4,
    "value": null,
  },
  {
    "box": 4,
    "col": 4,
    "options": [],
    "row": 4,
    "value": null,
  },
  {
    "box": 4,
    "col": 5,
    "options": [],
    "row": 4,
    "value": null,
  },
  {
    "box": 5,
    "col": 6,
    "options": [],
    "row": 4,
    "value": null,
  },
  {
    "box": 5,
    "col": 7,
    "options": [],
    "row": 4,
    "value": null,
  },
  {
    "box": 5,
    "col": 8,
    "options": [],
    "row": 4,
    "value": null,
  },
  {
    "box": 3,
    "col": 0,
    "options": [],
    "row": 5,
    "value": null,
  },
  {
    "box": 3,
    "col": 1,
    "options": [],
    "row": 5,
    "value": null,
  },
  {
    "box": 3,
    "col": 2,
    "options": [],
    "row": 5,
    "value": null,
  },
  {
    "box": 4,
    "col": 3,
    "options": [],
    "row": 5,
    "value": null,
  },
  {
    "box": 4,
    "col": 4,
    "options": [],
    "row": 5,
    "value": null,
  },
  {
    "box": 4,
    "col": 5,
    "options": [],
    "row": 5,
    "value": null,
  },
  {
    "box": 5,
    "col": 6,
    "options": [],
    "row": 5,
    "value": null,
  },
  {
    "box": 5,
    "col": 7,
    "options": [],
    "row": 5,
    "value": null,
  },
  {
    "box": 5,
    "col": 8,
    "options": [],
    "row": 5,
    "value": null,
  },
  {
    "box": 6,
    "col": 0,
    "options": [],
    "row": 6,
    "value": null,
  },
  {
    "box": 6,
    "col": 1,
    "options": [],
    "row": 6,
    "value": null,
  },
  {
    "box": 6,
    "col": 2,
    "options": [],
    "row": 6,
    "value": null,
  },
  {
    "box": 7,
    "col": 3,
    "options": [],
    "row": 6,
    "value": null,
  },
  {
    "box": 7,
    "col": 4,
    "options": [],
    "row": 6,
    "value": null,
  },
  {
    "box": 7,
    "col": 5,
    "options": [],
    "row": 6,
    "value": null,
  },
  {
    "box": 8,
    "col": 6,
    "options": [],
    "row": 6,
    "value": null,
  },
  {
    "box": 8,
    "col": 7,
    "options": [],
    "row": 6,
    "value": null,
  },
  {
    "box": 8,
    "col": 8,
    "options": [],
    "row": 6,
    "value": null,
  },
  {
    "box": 6,
    "col": 0,
    "options": [],
    "row": 7,
    "value": null,
  },
  {
    "box": 6,
    "col": 1,
    "options": [],
    "row": 7,
    "value": null,
  },
  {
    "box": 6,
    "col": 2,
    "options": [],
    "row": 7,
    "value": null,
  },
  {
    "box": 7,
    "col": 3,
    "options": [],
    "row": 7,
    "value": null,
  },
  {
    "box": 7,
    "col": 4,
    "options": [],
    "row": 7,
    "value": null,
  },
  {
    "box": 7,
    "col": 5,
    "options": [],
    "row": 7,
    "value": null,
  },
  {
    "box": 8,
    "col": 6,
    "options": [],
    "row": 7,
    "value": null,
  },
  {
    "box": 8,
    "col": 7,
    "options": [],
    "row": 7,
    "value": null,
  },
  {
    "box": 8,
    "col": 8,
    "options": [],
    "row": 7,
    "value": null,
  },
  {
    "box": 6,
    "col": 0,
    "options": [],
    "row": 8,
    "value": null,
  },
  {
    "box": 6,
    "col": 1,
    "options": [],
    "row": 8,
    "value": null,
  },
  {
    "box": 6,
    "col": 2,
    "options": [],
    "row": 8,
    "value": null,
  },
  {
    "box": 7,
    "col": 3,
    "options": [],
    "row": 8,
    "value": null,
  },
  {
    "box": 7,
    "col": 4,
    "options": [],
    "row": 8,
    "value": null,
  },
  {
    "box": 7,
    "col": 5,
    "options": [],
    "row": 8,
    "value": null,
  },
  {
    "box": 8,
    "col": 6,
    "options": [],
    "row": 8,
    "value": null,
  },
  {
    "box": 8,
    "col": 7,
    "options": [],
    "row": 8,
    "value": null,
  },
  {
    "box": 8,
    "col": 8,
    "options": [],
    "row": 8,
    "value": null,
  },
]
`;
