// Vitest Snapshot v1

exports[`Grid > createFromString 1`] = `
[
  {
    "box": 0,
    "col": 0,
    "isConstant": true,
    "options": [],
    "row": 0,
    "value": 1,
  },
  {
    "box": 0,
    "col": 1,
    "isConstant": true,
    "options": [],
    "row": 0,
    "value": 2,
  },
  {
    "box": 0,
    "col": 2,
    "isConstant": true,
    "options": [],
    "row": 0,
    "value": 3,
  },
  {
    "box": 1,
    "col": 3,
    "isConstant": true,
    "options": [],
    "row": 0,
    "value": 4,
  },
  {
    "box": 1,
    "col": 4,
    "isConstant": true,
    "options": [],
    "row": 0,
    "value": 5,
  },
  {
    "box": 1,
    "col": 5,
    "isConstant": true,
    "options": [],
    "row": 0,
    "value": 6,
  },
  {
    "box": 2,
    "col": 6,
    "isConstant": true,
    "options": [],
    "row": 0,
    "value": 7,
  },
  {
    "box": 2,
    "col": 7,
    "isConstant": true,
    "options": [],
    "row": 0,
    "value": 8,
  },
  {
    "box": 2,
    "col": 8,
    "isConstant": true,
    "options": [],
    "row": 0,
    "value": 9,
  },
  {
    "box": 0,
    "col": 0,
    "isConstant": true,
    "options": [],
    "row": 1,
    "value": 2,
  },
  {
    "box": 0,
    "col": 1,
    "isConstant": true,
    "options": [],
    "row": 1,
    "value": 3,
  },
  {
    "box": 0,
    "col": 2,
    "isConstant": true,
    "options": [],
    "row": 1,
    "value": 4,
  },
  {
    "box": 1,
    "col": 3,
    "isConstant": true,
    "options": [],
    "row": 1,
    "value": 5,
  },
  {
    "box": 1,
    "col": 4,
    "isConstant": true,
    "options": [],
    "row": 1,
    "value": 6,
  },
  {
    "box": 1,
    "col": 5,
    "isConstant": true,
    "options": [],
    "row": 1,
    "value": 7,
  },
  {
    "box": 2,
    "col": 6,
    "isConstant": true,
    "options": [],
    "row": 1,
    "value": 8,
  },
  {
    "box": 2,
    "col": 7,
    "isConstant": true,
    "options": [],
    "row": 1,
    "value": 9,
  },
  {
    "box": 2,
    "col": 8,
    "isConstant": true,
    "options": [],
    "row": 1,
    "value": 1,
  },
  {
    "box": 0,
    "col": 0,
    "isConstant": true,
    "options": [],
    "row": 2,
    "value": 3,
  },
  {
    "box": 0,
    "col": 1,
    "isConstant": true,
    "options": [],
    "row": 2,
    "value": 4,
  },
  {
    "box": 0,
    "col": 2,
    "isConstant": true,
    "options": [],
    "row": 2,
    "value": 5,
  },
  {
    "box": 1,
    "col": 3,
    "isConstant": true,
    "options": [],
    "row": 2,
    "value": 6,
  },
  {
    "box": 1,
    "col": 4,
    "isConstant": true,
    "options": [],
    "row": 2,
    "value": 7,
  },
  {
    "box": 1,
    "col": 5,
    "isConstant": true,
    "options": [],
    "row": 2,
    "value": 8,
  },
  {
    "box": 2,
    "col": 6,
    "isConstant": true,
    "options": [],
    "row": 2,
    "value": 9,
  },
  {
    "box": 2,
    "col": 7,
    "isConstant": true,
    "options": [],
    "row": 2,
    "value": 1,
  },
  {
    "box": 2,
    "col": 8,
    "isConstant": true,
    "options": [],
    "row": 2,
    "value": 2,
  },
  {
    "box": 3,
    "col": 0,
    "isConstant": true,
    "options": [],
    "row": 3,
    "value": 4,
  },
  {
    "box": 3,
    "col": 1,
    "isConstant": true,
    "options": [],
    "row": 3,
    "value": 5,
  },
  {
    "box": 3,
    "col": 2,
    "isConstant": true,
    "options": [],
    "row": 3,
    "value": 6,
  },
  {
    "box": 4,
    "col": 3,
    "isConstant": true,
    "options": [],
    "row": 3,
    "value": 7,
  },
  {
    "box": 4,
    "col": 4,
    "isConstant": true,
    "options": [],
    "row": 3,
    "value": 8,
  },
  {
    "box": 4,
    "col": 5,
    "isConstant": true,
    "options": [],
    "row": 3,
    "value": 9,
  },
  {
    "box": 5,
    "col": 6,
    "isConstant": true,
    "options": [],
    "row": 3,
    "value": 1,
  },
  {
    "box": 5,
    "col": 7,
    "isConstant": true,
    "options": [],
    "row": 3,
    "value": 2,
  },
  {
    "box": 5,
    "col": 8,
    "isConstant": true,
    "options": [],
    "row": 3,
    "value": 3,
  },
  {
    "box": 3,
    "col": 0,
    "isConstant": true,
    "options": [],
    "row": 4,
    "value": 5,
  },
  {
    "box": 3,
    "col": 1,
    "isConstant": true,
    "options": [],
    "row": 4,
    "value": 6,
  },
  {
    "box": 3,
    "col": 2,
    "isConstant": true,
    "options": [],
    "row": 4,
    "value": 7,
  },
  {
    "box": 4,
    "col": 3,
    "isConstant": true,
    "options": [],
    "row": 4,
    "value": 8,
  },
  {
    "box": 4,
    "col": 4,
    "isConstant": true,
    "options": [],
    "row": 4,
    "value": 9,
  },
  {
    "box": 4,
    "col": 5,
    "isConstant": true,
    "options": [],
    "row": 4,
    "value": 1,
  },
  {
    "box": 5,
    "col": 6,
    "isConstant": true,
    "options": [],
    "row": 4,
    "value": 2,
  },
  {
    "box": 5,
    "col": 7,
    "isConstant": true,
    "options": [],
    "row": 4,
    "value": 3,
  },
  {
    "box": 5,
    "col": 8,
    "isConstant": true,
    "options": [],
    "row": 4,
    "value": 4,
  },
  {
    "box": 3,
    "col": 0,
    "isConstant": true,
    "options": [],
    "row": 5,
    "value": 6,
  },
  {
    "box": 3,
    "col": 1,
    "isConstant": true,
    "options": [],
    "row": 5,
    "value": 7,
  },
  {
    "box": 3,
    "col": 2,
    "isConstant": true,
    "options": [],
    "row": 5,
    "value": 8,
  },
  {
    "box": 4,
    "col": 3,
    "isConstant": true,
    "options": [],
    "row": 5,
    "value": 9,
  },
  {
    "box": 4,
    "col": 4,
    "isConstant": true,
    "options": [],
    "row": 5,
    "value": 1,
  },
  {
    "box": 4,
    "col": 5,
    "isConstant": true,
    "options": [],
    "row": 5,
    "value": 2,
  },
  {
    "box": 5,
    "col": 6,
    "isConstant": true,
    "options": [],
    "row": 5,
    "value": 3,
  },
  {
    "box": 5,
    "col": 7,
    "isConstant": true,
    "options": [],
    "row": 5,
    "value": 4,
  },
  {
    "box": 5,
    "col": 8,
    "isConstant": true,
    "options": [],
    "row": 5,
    "value": 5,
  },
  {
    "box": 6,
    "col": 0,
    "isConstant": true,
    "options": [],
    "row": 6,
    "value": 7,
  },
  {
    "box": 6,
    "col": 1,
    "isConstant": true,
    "options": [],
    "row": 6,
    "value": 8,
  },
  {
    "box": 6,
    "col": 2,
    "isConstant": true,
    "options": [],
    "row": 6,
    "value": 9,
  },
  {
    "box": 7,
    "col": 3,
    "isConstant": true,
    "options": [],
    "row": 6,
    "value": 1,
  },
  {
    "box": 7,
    "col": 4,
    "isConstant": true,
    "options": [],
    "row": 6,
    "value": 2,
  },
  {
    "box": 7,
    "col": 5,
    "isConstant": true,
    "options": [],
    "row": 6,
    "value": 3,
  },
  {
    "box": 8,
    "col": 6,
    "isConstant": true,
    "options": [],
    "row": 6,
    "value": 4,
  },
  {
    "box": 8,
    "col": 7,
    "isConstant": true,
    "options": [],
    "row": 6,
    "value": 5,
  },
  {
    "box": 8,
    "col": 8,
    "isConstant": true,
    "options": [],
    "row": 6,
    "value": 6,
  },
  {
    "box": 6,
    "col": 0,
    "isConstant": true,
    "options": [],
    "row": 7,
    "value": 8,
  },
  {
    "box": 6,
    "col": 1,
    "isConstant": true,
    "options": [],
    "row": 7,
    "value": 9,
  },
  {
    "box": 6,
    "col": 2,
    "isConstant": true,
    "options": [],
    "row": 7,
    "value": 1,
  },
  {
    "box": 7,
    "col": 3,
    "isConstant": true,
    "options": [],
    "row": 7,
    "value": 2,
  },
  {
    "box": 7,
    "col": 4,
    "isConstant": true,
    "options": [],
    "row": 7,
    "value": 3,
  },
  {
    "box": 7,
    "col": 5,
    "isConstant": true,
    "options": [],
    "row": 7,
    "value": 4,
  },
  {
    "box": 8,
    "col": 6,
    "isConstant": true,
    "options": [],
    "row": 7,
    "value": 5,
  },
  {
    "box": 8,
    "col": 7,
    "isConstant": true,
    "options": [],
    "row": 7,
    "value": 6,
  },
  {
    "box": 8,
    "col": 8,
    "isConstant": true,
    "options": [],
    "row": 7,
    "value": 7,
  },
  {
    "box": 6,
    "col": 0,
    "isConstant": false,
    "options": [],
    "row": 8,
    "value": null,
  },
  {
    "box": 6,
    "col": 1,
    "isConstant": false,
    "options": [],
    "row": 8,
    "value": null,
  },
  {
    "box": 6,
    "col": 2,
    "isConstant": false,
    "options": [],
    "row": 8,
    "value": null,
  },
  {
    "box": 7,
    "col": 3,
    "isConstant": false,
    "options": [],
    "row": 8,
    "value": null,
  },
  {
    "box": 7,
    "col": 4,
    "isConstant": false,
    "options": [],
    "row": 8,
    "value": null,
  },
  {
    "box": 7,
    "col": 5,
    "isConstant": false,
    "options": [],
    "row": 8,
    "value": null,
  },
  {
    "box": 8,
    "col": 6,
    "isConstant": false,
    "options": [],
    "row": 8,
    "value": null,
  },
  {
    "box": 8,
    "col": 7,
    "isConstant": false,
    "options": [],
    "row": 8,
    "value": null,
  },
  {
    "box": 8,
    "col": 8,
    "isConstant": false,
    "options": [],
    "row": 8,
    "value": null,
  },
]
`;

exports[`Grid > createGrid 1`] = `
[
  {
    "box": 0,
    "col": 0,
    "isConstant": false,
    "options": [],
    "row": 0,
    "value": null,
  },
  {
    "box": 0,
    "col": 1,
    "isConstant": false,
    "options": [],
    "row": 0,
    "value": null,
  },
  {
    "box": 0,
    "col": 2,
    "isConstant": false,
    "options": [],
    "row": 0,
    "value": null,
  },
  {
    "box": 1,
    "col": 3,
    "isConstant": false,
    "options": [],
    "row": 0,
    "value": null,
  },
  {
    "box": 1,
    "col": 4,
    "isConstant": false,
    "options": [],
    "row": 0,
    "value": null,
  },
  {
    "box": 1,
    "col": 5,
    "isConstant": false,
    "options": [],
    "row": 0,
    "value": null,
  },
  {
    "box": 2,
    "col": 6,
    "isConstant": false,
    "options": [],
    "row": 0,
    "value": null,
  },
  {
    "box": 2,
    "col": 7,
    "isConstant": false,
    "options": [],
    "row": 0,
    "value": null,
  },
  {
    "box": 2,
    "col": 8,
    "isConstant": false,
    "options": [],
    "row": 0,
    "value": null,
  },
  {
    "box": 0,
    "col": 0,
    "isConstant": false,
    "options": [],
    "row": 1,
    "value": null,
  },
  {
    "box": 0,
    "col": 1,
    "isConstant": false,
    "options": [],
    "row": 1,
    "value": null,
  },
  {
    "box": 0,
    "col": 2,
    "isConstant": false,
    "options": [],
    "row": 1,
    "value": null,
  },
  {
    "box": 1,
    "col": 3,
    "isConstant": false,
    "options": [],
    "row": 1,
    "value": null,
  },
  {
    "box": 1,
    "col": 4,
    "isConstant": false,
    "options": [],
    "row": 1,
    "value": null,
  },
  {
    "box": 1,
    "col": 5,
    "isConstant": false,
    "options": [],
    "row": 1,
    "value": null,
  },
  {
    "box": 2,
    "col": 6,
    "isConstant": false,
    "options": [],
    "row": 1,
    "value": null,
  },
  {
    "box": 2,
    "col": 7,
    "isConstant": false,
    "options": [],
    "row": 1,
    "value": null,
  },
  {
    "box": 2,
    "col": 8,
    "isConstant": false,
    "options": [],
    "row": 1,
    "value": null,
  },
  {
    "box": 0,
    "col": 0,
    "isConstant": false,
    "options": [],
    "row": 2,
    "value": null,
  },
  {
    "box": 0,
    "col": 1,
    "isConstant": false,
    "options": [],
    "row": 2,
    "value": null,
  },
  {
    "box": 0,
    "col": 2,
    "isConstant": false,
    "options": [],
    "row": 2,
    "value": null,
  },
  {
    "box": 1,
    "col": 3,
    "isConstant": false,
    "options": [],
    "row": 2,
    "value": null,
  },
  {
    "box": 1,
    "col": 4,
    "isConstant": false,
    "options": [],
    "row": 2,
    "value": null,
  },
  {
    "box": 1,
    "col": 5,
    "isConstant": false,
    "options": [],
    "row": 2,
    "value": null,
  },
  {
    "box": 2,
    "col": 6,
    "isConstant": false,
    "options": [],
    "row": 2,
    "value": null,
  },
  {
    "box": 2,
    "col": 7,
    "isConstant": false,
    "options": [],
    "row": 2,
    "value": null,
  },
  {
    "box": 2,
    "col": 8,
    "isConstant": false,
    "options": [],
    "row": 2,
    "value": null,
  },
  {
    "box": 3,
    "col": 0,
    "isConstant": false,
    "options": [],
    "row": 3,
    "value": null,
  },
  {
    "box": 3,
    "col": 1,
    "isConstant": false,
    "options": [],
    "row": 3,
    "value": null,
  },
  {
    "box": 3,
    "col": 2,
    "isConstant": false,
    "options": [],
    "row": 3,
    "value": null,
  },
  {
    "box": 4,
    "col": 3,
    "isConstant": false,
    "options": [],
    "row": 3,
    "value": null,
  },
  {
    "box": 4,
    "col": 4,
    "isConstant": false,
    "options": [],
    "row": 3,
    "value": null,
  },
  {
    "box": 4,
    "col": 5,
    "isConstant": false,
    "options": [],
    "row": 3,
    "value": null,
  },
  {
    "box": 5,
    "col": 6,
    "isConstant": false,
    "options": [],
    "row": 3,
    "value": null,
  },
  {
    "box": 5,
    "col": 7,
    "isConstant": false,
    "options": [],
    "row": 3,
    "value": null,
  },
  {
    "box": 5,
    "col": 8,
    "isConstant": false,
    "options": [],
    "row": 3,
    "value": null,
  },
  {
    "box": 3,
    "col": 0,
    "isConstant": false,
    "options": [],
    "row": 4,
    "value": null,
  },
  {
    "box": 3,
    "col": 1,
    "isConstant": false,
    "options": [],
    "row": 4,
    "value": null,
  },
  {
    "box": 3,
    "col": 2,
    "isConstant": false,
    "options": [],
    "row": 4,
    "value": null,
  },
  {
    "box": 4,
    "col": 3,
    "isConstant": false,
    "options": [],
    "row": 4,
    "value": null,
  },
  {
    "box": 4,
    "col": 4,
    "isConstant": false,
    "options": [],
    "row": 4,
    "value": null,
  },
  {
    "box": 4,
    "col": 5,
    "isConstant": false,
    "options": [],
    "row": 4,
    "value": null,
  },
  {
    "box": 5,
    "col": 6,
    "isConstant": false,
    "options": [],
    "row": 4,
    "value": null,
  },
  {
    "box": 5,
    "col": 7,
    "isConstant": false,
    "options": [],
    "row": 4,
    "value": null,
  },
  {
    "box": 5,
    "col": 8,
    "isConstant": false,
    "options": [],
    "row": 4,
    "value": null,
  },
  {
    "box": 3,
    "col": 0,
    "isConstant": false,
    "options": [],
    "row": 5,
    "value": null,
  },
  {
    "box": 3,
    "col": 1,
    "isConstant": false,
    "options": [],
    "row": 5,
    "value": null,
  },
  {
    "box": 3,
    "col": 2,
    "isConstant": false,
    "options": [],
    "row": 5,
    "value": null,
  },
  {
    "box": 4,
    "col": 3,
    "isConstant": false,
    "options": [],
    "row": 5,
    "value": null,
  },
  {
    "box": 4,
    "col": 4,
    "isConstant": false,
    "options": [],
    "row": 5,
    "value": null,
  },
  {
    "box": 4,
    "col": 5,
    "isConstant": false,
    "options": [],
    "row": 5,
    "value": null,
  },
  {
    "box": 5,
    "col": 6,
    "isConstant": false,
    "options": [],
    "row": 5,
    "value": null,
  },
  {
    "box": 5,
    "col": 7,
    "isConstant": false,
    "options": [],
    "row": 5,
    "value": null,
  },
  {
    "box": 5,
    "col": 8,
    "isConstant": false,
    "options": [],
    "row": 5,
    "value": null,
  },
  {
    "box": 6,
    "col": 0,
    "isConstant": false,
    "options": [],
    "row": 6,
    "value": null,
  },
  {
    "box": 6,
    "col": 1,
    "isConstant": false,
    "options": [],
    "row": 6,
    "value": null,
  },
  {
    "box": 6,
    "col": 2,
    "isConstant": false,
    "options": [],
    "row": 6,
    "value": null,
  },
  {
    "box": 7,
    "col": 3,
    "isConstant": false,
    "options": [],
    "row": 6,
    "value": null,
  },
  {
    "box": 7,
    "col": 4,
    "isConstant": false,
    "options": [],
    "row": 6,
    "value": null,
  },
  {
    "box": 7,
    "col": 5,
    "isConstant": false,
    "options": [],
    "row": 6,
    "value": null,
  },
  {
    "box": 8,
    "col": 6,
    "isConstant": false,
    "options": [],
    "row": 6,
    "value": null,
  },
  {
    "box": 8,
    "col": 7,
    "isConstant": false,
    "options": [],
    "row": 6,
    "value": null,
  },
  {
    "box": 8,
    "col": 8,
    "isConstant": false,
    "options": [],
    "row": 6,
    "value": null,
  },
  {
    "box": 6,
    "col": 0,
    "isConstant": false,
    "options": [],
    "row": 7,
    "value": null,
  },
  {
    "box": 6,
    "col": 1,
    "isConstant": false,
    "options": [],
    "row": 7,
    "value": null,
  },
  {
    "box": 6,
    "col": 2,
    "isConstant": false,
    "options": [],
    "row": 7,
    "value": null,
  },
  {
    "box": 7,
    "col": 3,
    "isConstant": false,
    "options": [],
    "row": 7,
    "value": null,
  },
  {
    "box": 7,
    "col": 4,
    "isConstant": false,
    "options": [],
    "row": 7,
    "value": null,
  },
  {
    "box": 7,
    "col": 5,
    "isConstant": false,
    "options": [],
    "row": 7,
    "value": null,
  },
  {
    "box": 8,
    "col": 6,
    "isConstant": false,
    "options": [],
    "row": 7,
    "value": null,
  },
  {
    "box": 8,
    "col": 7,
    "isConstant": false,
    "options": [],
    "row": 7,
    "value": null,
  },
  {
    "box": 8,
    "col": 8,
    "isConstant": false,
    "options": [],
    "row": 7,
    "value": null,
  },
  {
    "box": 6,
    "col": 0,
    "isConstant": false,
    "options": [],
    "row": 8,
    "value": null,
  },
  {
    "box": 6,
    "col": 1,
    "isConstant": false,
    "options": [],
    "row": 8,
    "value": null,
  },
  {
    "box": 6,
    "col": 2,
    "isConstant": false,
    "options": [],
    "row": 8,
    "value": null,
  },
  {
    "box": 7,
    "col": 3,
    "isConstant": false,
    "options": [],
    "row": 8,
    "value": null,
  },
  {
    "box": 7,
    "col": 4,
    "isConstant": false,
    "options": [],
    "row": 8,
    "value": null,
  },
  {
    "box": 7,
    "col": 5,
    "isConstant": false,
    "options": [],
    "row": 8,
    "value": null,
  },
  {
    "box": 8,
    "col": 6,
    "isConstant": false,
    "options": [],
    "row": 8,
    "value": null,
  },
  {
    "box": 8,
    "col": 7,
    "isConstant": false,
    "options": [],
    "row": 8,
    "value": null,
  },
  {
    "box": 8,
    "col": 8,
    "isConstant": false,
    "options": [],
    "row": 8,
    "value": null,
  },
]
`;

exports[`getBox 1`] = `
[
  {
    "box": 0,
    "col": 0,
    "isConstant": false,
    "options": [],
    "row": 0,
    "value": null,
  },
  {
    "box": 0,
    "col": 1,
    "isConstant": false,
    "options": [],
    "row": 0,
    "value": null,
  },
  {
    "box": 0,
    "col": 2,
    "isConstant": false,
    "options": [],
    "row": 0,
    "value": null,
  },
  {
    "box": 0,
    "col": 0,
    "isConstant": false,
    "options": [],
    "row": 1,
    "value": null,
  },
  {
    "box": 0,
    "col": 1,
    "isConstant": false,
    "options": [],
    "row": 1,
    "value": null,
  },
  {
    "box": 0,
    "col": 2,
    "isConstant": false,
    "options": [],
    "row": 1,
    "value": null,
  },
  {
    "box": 0,
    "col": 0,
    "isConstant": false,
    "options": [],
    "row": 2,
    "value": null,
  },
  {
    "box": 0,
    "col": 1,
    "isConstant": false,
    "options": [],
    "row": 2,
    "value": null,
  },
  {
    "box": 0,
    "col": 2,
    "isConstant": false,
    "options": [],
    "row": 2,
    "value": null,
  },
]
`;

exports[`getBox 2`] = `
[
  {
    "box": 5,
    "col": 6,
    "isConstant": false,
    "options": [],
    "row": 3,
    "value": null,
  },
  {
    "box": 5,
    "col": 7,
    "isConstant": false,
    "options": [],
    "row": 3,
    "value": null,
  },
  {
    "box": 5,
    "col": 8,
    "isConstant": false,
    "options": [],
    "row": 3,
    "value": null,
  },
  {
    "box": 5,
    "col": 6,
    "isConstant": false,
    "options": [],
    "row": 4,
    "value": null,
  },
  {
    "box": 5,
    "col": 7,
    "isConstant": false,
    "options": [],
    "row": 4,
    "value": null,
  },
  {
    "box": 5,
    "col": 8,
    "isConstant": false,
    "options": [],
    "row": 4,
    "value": null,
  },
  {
    "box": 5,
    "col": 6,
    "isConstant": false,
    "options": [],
    "row": 5,
    "value": null,
  },
  {
    "box": 5,
    "col": 7,
    "isConstant": false,
    "options": [],
    "row": 5,
    "value": null,
  },
  {
    "box": 5,
    "col": 8,
    "isConstant": false,
    "options": [],
    "row": 5,
    "value": null,
  },
]
`;
