// Vitest Snapshot v1

exports[`resolver > init 1`] = `
[
  {
    "box": 0,
    "col": 0,
    "isConstant": false,
    "options": [
      1,
    ],
    "row": 0,
    "value": null,
  },
  {
    "box": 0,
    "col": 1,
    "isConstant": true,
    "options": [],
    "row": 0,
    "value": 6,
  },
  {
    "box": 0,
    "col": 2,
    "isConstant": true,
    "options": [],
    "row": 0,
    "value": 3,
  },
  {
    "box": 1,
    "col": 3,
    "isConstant": true,
    "options": [],
    "row": 0,
    "value": 5,
  },
  {
    "box": 1,
    "col": 4,
    "isConstant": false,
    "options": [
      9,
    ],
    "row": 0,
    "value": null,
  },
  {
    "box": 1,
    "col": 5,
    "isConstant": false,
    "options": [
      4,
    ],
    "row": 0,
    "value": null,
  },
  {
    "box": 2,
    "col": 6,
    "isConstant": false,
    "options": [
      8,
    ],
    "row": 0,
    "value": null,
  },
  {
    "box": 2,
    "col": 7,
    "isConstant": false,
    "options": [
      7,
    ],
    "row": 0,
    "value": null,
  },
  {
    "box": 2,
    "col": 8,
    "isConstant": false,
    "options": [
      2,
    ],
    "row": 0,
    "value": null,
  },
  {
    "box": 0,
    "col": 0,
    "isConstant": false,
    "options": [
      5,
    ],
    "row": 1,
    "value": null,
  },
  {
    "box": 0,
    "col": 1,
    "isConstant": true,
    "options": [],
    "row": 1,
    "value": 2,
  },
  {
    "box": 0,
    "col": 2,
    "isConstant": true,
    "options": [],
    "row": 1,
    "value": 7,
  },
  {
    "box": 1,
    "col": 3,
    "isConstant": false,
    "options": [
      8,
    ],
    "row": 1,
    "value": null,
  },
  {
    "box": 1,
    "col": 4,
    "isConstant": false,
    "options": [
      1,
    ],
    "row": 1,
    "value": null,
  },
  {
    "box": 1,
    "col": 5,
    "isConstant": false,
    "options": [
      3,
    ],
    "row": 1,
    "value": null,
  },
  {
    "box": 2,
    "col": 6,
    "isConstant": false,
    "options": [
      6,
    ],
    "row": 1,
    "value": null,
  },
  {
    "box": 2,
    "col": 7,
    "isConstant": true,
    "options": [],
    "row": 1,
    "value": 9,
  },
  {
    "box": 2,
    "col": 8,
    "isConstant": true,
    "options": [],
    "row": 1,
    "value": 4,
  },
  {
    "box": 0,
    "col": 0,
    "isConstant": false,
    "options": [
      8,
    ],
    "row": 2,
    "value": null,
  },
  {
    "box": 0,
    "col": 1,
    "isConstant": true,
    "options": [],
    "row": 2,
    "value": 9,
  },
  {
    "box": 0,
    "col": 2,
    "isConstant": true,
    "options": [],
    "row": 2,
    "value": 4,
  },
  {
    "box": 1,
    "col": 3,
    "isConstant": false,
    "options": [
      2,
      6,
    ],
    "row": 2,
    "value": null,
  },
  {
    "box": 1,
    "col": 4,
    "isConstant": false,
    "options": [
      2,
      6,
    ],
    "row": 2,
    "value": null,
  },
  {
    "box": 1,
    "col": 5,
    "isConstant": false,
    "options": [
      7,
    ],
    "row": 2,
    "value": null,
  },
  {
    "box": 2,
    "col": 6,
    "isConstant": true,
    "options": [],
    "row": 2,
    "value": 5,
  },
  {
    "box": 2,
    "col": 7,
    "isConstant": true,
    "options": [],
    "row": 2,
    "value": 1,
  },
  {
    "box": 2,
    "col": 8,
    "isConstant": false,
    "options": [
      3,
    ],
    "row": 2,
    "value": null,
  },
  {
    "box": 3,
    "col": 0,
    "isConstant": false,
    "options": [
      3,
      4,
      7,
      9,
    ],
    "row": 3,
    "value": null,
  },
  {
    "box": 3,
    "col": 1,
    "isConstant": false,
    "options": [
      1,
      3,
      7,
      8,
    ],
    "row": 3,
    "value": null,
  },
  {
    "box": 3,
    "col": 2,
    "isConstant": false,
    "options": [
      2,
      8,
    ],
    "row": 3,
    "value": null,
  },
  {
    "box": 4,
    "col": 3,
    "isConstant": false,
    "options": [
      1,
      2,
      3,
    ],
    "row": 3,
    "value": null,
  },
  {
    "box": 4,
    "col": 4,
    "isConstant": false,
    "options": [
      2,
      7,
    ],
    "row": 3,
    "value": null,
  },
  {
    "box": 4,
    "col": 5,
    "isConstant": false,
    "options": [
      5,
    ],
    "row": 3,
    "value": null,
  },
  {
    "box": 5,
    "col": 6,
    "isConstant": false,
    "options": [
      2,
      4,
    ],
    "row": 3,
    "value": null,
  },
  {
    "box": 5,
    "col": 7,
    "isConstant": false,
    "options": [
      6,
    ],
    "row": 3,
    "value": null,
  },
  {
    "box": 5,
    "col": 8,
    "isConstant": false,
    "options": [
      1,
      9,
    ],
    "row": 3,
    "value": null,
  },
  {
    "box": 3,
    "col": 0,
    "isConstant": false,
    "options": [
      3,
      4,
      7,
    ],
    "row": 4,
    "value": null,
  },
  {
    "box": 3,
    "col": 1,
    "isConstant": false,
    "options": [
      1,
      3,
      7,
    ],
    "row": 4,
    "value": null,
  },
  {
    "box": 3,
    "col": 2,
    "isConstant": false,
    "options": [
      2,
      5,
      6,
    ],
    "row": 4,
    "value": null,
  },
  {
    "box": 4,
    "col": 3,
    "isConstant": false,
    "options": [
      1,
      2,
      3,
      6,
    ],
    "row": 4,
    "value": null,
  },
  {
    "box": 4,
    "col": 4,
    "isConstant": false,
    "options": [
      2,
      6,
      7,
    ],
    "row": 4,
    "value": null,
  },
  {
    "box": 4,
    "col": 5,
    "isConstant": true,
    "options": [],
    "row": 4,
    "value": 9,
  },
  {
    "box": 5,
    "col": 6,
    "isConstant": false,
    "options": [
      2,
      4,
    ],
    "row": 4,
    "value": null,
  },
  {
    "box": 5,
    "col": 7,
    "isConstant": true,
    "options": [],
    "row": 4,
    "value": 8,
  },
  {
    "box": 5,
    "col": 8,
    "isConstant": false,
    "options": [
      1,
      5,
    ],
    "row": 4,
    "value": null,
  },
  {
    "box": 3,
    "col": 0,
    "isConstant": false,
    "options": [
      9,
    ],
    "row": 5,
    "value": null,
  },
  {
    "box": 3,
    "col": 1,
    "isConstant": false,
    "options": [
      1,
    ],
    "row": 5,
    "value": null,
  },
  {
    "box": 3,
    "col": 2,
    "isConstant": false,
    "options": [
      2,
      5,
      6,
    ],
    "row": 5,
    "value": null,
  },
  {
    "box": 4,
    "col": 3,
    "isConstant": false,
    "options": [
      1,
      2,
      6,
    ],
    "row": 5,
    "value": null,
  },
  {
    "box": 4,
    "col": 4,
    "isConstant": true,
    "options": [],
    "row": 5,
    "value": 4,
  },
  {
    "box": 4,
    "col": 5,
    "isConstant": true,
    "options": [],
    "row": 5,
    "value": 8,
  },
  {
    "box": 5,
    "col": 6,
    "isConstant": true,
    "options": [],
    "row": 5,
    "value": 7,
  },
  {
    "box": 5,
    "col": 7,
    "isConstant": true,
    "options": [],
    "row": 5,
    "value": 3,
  },
  {
    "box": 5,
    "col": 8,
    "isConstant": false,
    "options": [
      1,
      5,
      9,
    ],
    "row": 5,
    "value": null,
  },
  {
    "box": 6,
    "col": 0,
    "isConstant": false,
    "options": [
      3,
      7,
    ],
    "row": 6,
    "value": null,
  },
  {
    "box": 6,
    "col": 1,
    "isConstant": false,
    "options": [
      3,
      7,
      8,
    ],
    "row": 6,
    "value": null,
  },
  {
    "box": 6,
    "col": 2,
    "isConstant": false,
    "options": [
      8,
    ],
    "row": 6,
    "value": null,
  },
  {
    "box": 7,
    "col": 3,
    "isConstant": true,
    "options": [],
    "row": 6,
    "value": 4,
  },
  {
    "box": 7,
    "col": 4,
    "isConstant": true,
    "options": [],
    "row": 6,
    "value": 5,
  },
  {
    "box": 7,
    "col": 5,
    "isConstant": false,
    "options": [
      1,
    ],
    "row": 6,
    "value": null,
  },
  {
    "box": 8,
    "col": 6,
    "isConstant": false,
    "options": [
      9,
    ],
    "row": 6,
    "value": null,
  },
  {
    "box": 8,
    "col": 7,
    "isConstant": true,
    "options": [],
    "row": 6,
    "value": 2,
  },
  {
    "box": 8,
    "col": 8,
    "isConstant": false,
    "options": [
      6,
    ],
    "row": 6,
    "value": null,
  },
  {
    "box": 6,
    "col": 0,
    "isConstant": true,
    "options": [],
    "row": 7,
    "value": 2,
  },
  {
    "box": 6,
    "col": 1,
    "isConstant": false,
    "options": [
      4,
    ],
    "row": 7,
    "value": null,
  },
  {
    "box": 6,
    "col": 2,
    "isConstant": false,
    "options": [
      9,
    ],
    "row": 7,
    "value": null,
  },
  {
    "box": 7,
    "col": 3,
    "isConstant": false,
    "options": [
      7,
    ],
    "row": 7,
    "value": null,
  },
  {
    "box": 7,
    "col": 4,
    "isConstant": true,
    "options": [],
    "row": 7,
    "value": 3,
  },
  {
    "box": 7,
    "col": 5,
    "isConstant": true,
    "options": [],
    "row": 7,
    "value": 6,
  },
  {
    "box": 8,
    "col": 6,
    "isConstant": true,
    "options": [],
    "row": 7,
    "value": 1,
  },
  {
    "box": 8,
    "col": 7,
    "isConstant": false,
    "options": [
      5,
    ],
    "row": 7,
    "value": null,
  },
  {
    "box": 8,
    "col": 8,
    "isConstant": true,
    "options": [],
    "row": 7,
    "value": 8,
  },
  {
    "box": 6,
    "col": 0,
    "isConstant": false,
    "options": [
      6,
    ],
    "row": 8,
    "value": null,
  },
  {
    "box": 6,
    "col": 1,
    "isConstant": true,
    "options": [],
    "row": 8,
    "value": 5,
  },
  {
    "box": 6,
    "col": 2,
    "isConstant": true,
    "options": [],
    "row": 8,
    "value": 1,
  },
  {
    "box": 7,
    "col": 3,
    "isConstant": false,
    "options": [
      9,
    ],
    "row": 8,
    "value": null,
  },
  {
    "box": 7,
    "col": 4,
    "isConstant": false,
    "options": [
      8,
    ],
    "row": 8,
    "value": null,
  },
  {
    "box": 7,
    "col": 5,
    "isConstant": true,
    "options": [],
    "row": 8,
    "value": 2,
  },
  {
    "box": 8,
    "col": 6,
    "isConstant": true,
    "options": [],
    "row": 8,
    "value": 3,
  },
  {
    "box": 8,
    "col": 7,
    "isConstant": false,
    "options": [
      4,
    ],
    "row": 8,
    "value": null,
  },
  {
    "box": 8,
    "col": 8,
    "isConstant": true,
    "options": [],
    "row": 8,
    "value": 7,
  },
]
`;

exports[`resolver > resolveStep 1`] = `
[
  {
    "box": 0,
    "col": 0,
    "isConstant": false,
    "options": [],
    "row": 0,
    "value": 1,
  },
  {
    "box": 0,
    "col": 1,
    "isConstant": true,
    "options": [],
    "row": 0,
    "value": 6,
  },
  {
    "box": 0,
    "col": 2,
    "isConstant": true,
    "options": [],
    "row": 0,
    "value": 3,
  },
  {
    "box": 1,
    "col": 3,
    "isConstant": true,
    "options": [],
    "row": 0,
    "value": 5,
  },
  {
    "box": 1,
    "col": 4,
    "isConstant": false,
    "options": [
      9,
    ],
    "row": 0,
    "value": null,
  },
  {
    "box": 1,
    "col": 5,
    "isConstant": false,
    "options": [
      4,
    ],
    "row": 0,
    "value": null,
  },
  {
    "box": 2,
    "col": 6,
    "isConstant": false,
    "options": [
      8,
    ],
    "row": 0,
    "value": null,
  },
  {
    "box": 2,
    "col": 7,
    "isConstant": false,
    "options": [
      7,
    ],
    "row": 0,
    "value": null,
  },
  {
    "box": 2,
    "col": 8,
    "isConstant": false,
    "options": [
      2,
    ],
    "row": 0,
    "value": null,
  },
  {
    "box": 0,
    "col": 0,
    "isConstant": false,
    "options": [
      5,
    ],
    "row": 1,
    "value": null,
  },
  {
    "box": 0,
    "col": 1,
    "isConstant": true,
    "options": [],
    "row": 1,
    "value": 2,
  },
  {
    "box": 0,
    "col": 2,
    "isConstant": true,
    "options": [],
    "row": 1,
    "value": 7,
  },
  {
    "box": 1,
    "col": 3,
    "isConstant": false,
    "options": [
      8,
    ],
    "row": 1,
    "value": null,
  },
  {
    "box": 1,
    "col": 4,
    "isConstant": false,
    "options": [
      1,
    ],
    "row": 1,
    "value": null,
  },
  {
    "box": 1,
    "col": 5,
    "isConstant": false,
    "options": [
      3,
    ],
    "row": 1,
    "value": null,
  },
  {
    "box": 2,
    "col": 6,
    "isConstant": false,
    "options": [
      6,
    ],
    "row": 1,
    "value": null,
  },
  {
    "box": 2,
    "col": 7,
    "isConstant": true,
    "options": [],
    "row": 1,
    "value": 9,
  },
  {
    "box": 2,
    "col": 8,
    "isConstant": true,
    "options": [],
    "row": 1,
    "value": 4,
  },
  {
    "box": 0,
    "col": 0,
    "isConstant": false,
    "options": [
      8,
    ],
    "row": 2,
    "value": null,
  },
  {
    "box": 0,
    "col": 1,
    "isConstant": true,
    "options": [],
    "row": 2,
    "value": 9,
  },
  {
    "box": 0,
    "col": 2,
    "isConstant": true,
    "options": [],
    "row": 2,
    "value": 4,
  },
  {
    "box": 1,
    "col": 3,
    "isConstant": false,
    "options": [
      2,
      6,
    ],
    "row": 2,
    "value": null,
  },
  {
    "box": 1,
    "col": 4,
    "isConstant": false,
    "options": [
      2,
      6,
    ],
    "row": 2,
    "value": null,
  },
  {
    "box": 1,
    "col": 5,
    "isConstant": false,
    "options": [
      7,
    ],
    "row": 2,
    "value": null,
  },
  {
    "box": 2,
    "col": 6,
    "isConstant": true,
    "options": [],
    "row": 2,
    "value": 5,
  },
  {
    "box": 2,
    "col": 7,
    "isConstant": true,
    "options": [],
    "row": 2,
    "value": 1,
  },
  {
    "box": 2,
    "col": 8,
    "isConstant": false,
    "options": [
      3,
    ],
    "row": 2,
    "value": null,
  },
  {
    "box": 3,
    "col": 0,
    "isConstant": false,
    "options": [
      3,
      4,
      7,
      9,
    ],
    "row": 3,
    "value": null,
  },
  {
    "box": 3,
    "col": 1,
    "isConstant": false,
    "options": [
      1,
      3,
      7,
      8,
    ],
    "row": 3,
    "value": null,
  },
  {
    "box": 3,
    "col": 2,
    "isConstant": false,
    "options": [
      2,
      8,
    ],
    "row": 3,
    "value": null,
  },
  {
    "box": 4,
    "col": 3,
    "isConstant": false,
    "options": [
      1,
      2,
      3,
    ],
    "row": 3,
    "value": null,
  },
  {
    "box": 4,
    "col": 4,
    "isConstant": false,
    "options": [
      2,
      7,
    ],
    "row": 3,
    "value": null,
  },
  {
    "box": 4,
    "col": 5,
    "isConstant": false,
    "options": [
      5,
    ],
    "row": 3,
    "value": null,
  },
  {
    "box": 5,
    "col": 6,
    "isConstant": false,
    "options": [
      2,
      4,
    ],
    "row": 3,
    "value": null,
  },
  {
    "box": 5,
    "col": 7,
    "isConstant": false,
    "options": [
      6,
    ],
    "row": 3,
    "value": null,
  },
  {
    "box": 5,
    "col": 8,
    "isConstant": false,
    "options": [
      1,
      9,
    ],
    "row": 3,
    "value": null,
  },
  {
    "box": 3,
    "col": 0,
    "isConstant": false,
    "options": [
      3,
      4,
      7,
    ],
    "row": 4,
    "value": null,
  },
  {
    "box": 3,
    "col": 1,
    "isConstant": false,
    "options": [
      1,
      3,
      7,
    ],
    "row": 4,
    "value": null,
  },
  {
    "box": 3,
    "col": 2,
    "isConstant": false,
    "options": [
      2,
      5,
      6,
    ],
    "row": 4,
    "value": null,
  },
  {
    "box": 4,
    "col": 3,
    "isConstant": false,
    "options": [
      1,
      2,
      3,
      6,
    ],
    "row": 4,
    "value": null,
  },
  {
    "box": 4,
    "col": 4,
    "isConstant": false,
    "options": [
      2,
      6,
      7,
    ],
    "row": 4,
    "value": null,
  },
  {
    "box": 4,
    "col": 5,
    "isConstant": true,
    "options": [],
    "row": 4,
    "value": 9,
  },
  {
    "box": 5,
    "col": 6,
    "isConstant": false,
    "options": [
      2,
      4,
    ],
    "row": 4,
    "value": null,
  },
  {
    "box": 5,
    "col": 7,
    "isConstant": true,
    "options": [],
    "row": 4,
    "value": 8,
  },
  {
    "box": 5,
    "col": 8,
    "isConstant": false,
    "options": [
      1,
      5,
    ],
    "row": 4,
    "value": null,
  },
  {
    "box": 3,
    "col": 0,
    "isConstant": false,
    "options": [
      9,
    ],
    "row": 5,
    "value": null,
  },
  {
    "box": 3,
    "col": 1,
    "isConstant": false,
    "options": [
      1,
    ],
    "row": 5,
    "value": null,
  },
  {
    "box": 3,
    "col": 2,
    "isConstant": false,
    "options": [
      2,
      5,
      6,
    ],
    "row": 5,
    "value": null,
  },
  {
    "box": 4,
    "col": 3,
    "isConstant": false,
    "options": [
      1,
      2,
      6,
    ],
    "row": 5,
    "value": null,
  },
  {
    "box": 4,
    "col": 4,
    "isConstant": true,
    "options": [],
    "row": 5,
    "value": 4,
  },
  {
    "box": 4,
    "col": 5,
    "isConstant": true,
    "options": [],
    "row": 5,
    "value": 8,
  },
  {
    "box": 5,
    "col": 6,
    "isConstant": true,
    "options": [],
    "row": 5,
    "value": 7,
  },
  {
    "box": 5,
    "col": 7,
    "isConstant": true,
    "options": [],
    "row": 5,
    "value": 3,
  },
  {
    "box": 5,
    "col": 8,
    "isConstant": false,
    "options": [
      1,
      5,
      9,
    ],
    "row": 5,
    "value": null,
  },
  {
    "box": 6,
    "col": 0,
    "isConstant": false,
    "options": [
      3,
      7,
    ],
    "row": 6,
    "value": null,
  },
  {
    "box": 6,
    "col": 1,
    "isConstant": false,
    "options": [
      3,
      7,
      8,
    ],
    "row": 6,
    "value": null,
  },
  {
    "box": 6,
    "col": 2,
    "isConstant": false,
    "options": [
      8,
    ],
    "row": 6,
    "value": null,
  },
  {
    "box": 7,
    "col": 3,
    "isConstant": true,
    "options": [],
    "row": 6,
    "value": 4,
  },
  {
    "box": 7,
    "col": 4,
    "isConstant": true,
    "options": [],
    "row": 6,
    "value": 5,
  },
  {
    "box": 7,
    "col": 5,
    "isConstant": false,
    "options": [
      1,
    ],
    "row": 6,
    "value": null,
  },
  {
    "box": 8,
    "col": 6,
    "isConstant": false,
    "options": [
      9,
    ],
    "row": 6,
    "value": null,
  },
  {
    "box": 8,
    "col": 7,
    "isConstant": true,
    "options": [],
    "row": 6,
    "value": 2,
  },
  {
    "box": 8,
    "col": 8,
    "isConstant": false,
    "options": [
      6,
    ],
    "row": 6,
    "value": null,
  },
  {
    "box": 6,
    "col": 0,
    "isConstant": true,
    "options": [],
    "row": 7,
    "value": 2,
  },
  {
    "box": 6,
    "col": 1,
    "isConstant": false,
    "options": [
      4,
    ],
    "row": 7,
    "value": null,
  },
  {
    "box": 6,
    "col": 2,
    "isConstant": false,
    "options": [
      9,
    ],
    "row": 7,
    "value": null,
  },
  {
    "box": 7,
    "col": 3,
    "isConstant": false,
    "options": [
      7,
    ],
    "row": 7,
    "value": null,
  },
  {
    "box": 7,
    "col": 4,
    "isConstant": true,
    "options": [],
    "row": 7,
    "value": 3,
  },
  {
    "box": 7,
    "col": 5,
    "isConstant": true,
    "options": [],
    "row": 7,
    "value": 6,
  },
  {
    "box": 8,
    "col": 6,
    "isConstant": true,
    "options": [],
    "row": 7,
    "value": 1,
  },
  {
    "box": 8,
    "col": 7,
    "isConstant": false,
    "options": [
      5,
    ],
    "row": 7,
    "value": null,
  },
  {
    "box": 8,
    "col": 8,
    "isConstant": true,
    "options": [],
    "row": 7,
    "value": 8,
  },
  {
    "box": 6,
    "col": 0,
    "isConstant": false,
    "options": [
      6,
    ],
    "row": 8,
    "value": null,
  },
  {
    "box": 6,
    "col": 1,
    "isConstant": true,
    "options": [],
    "row": 8,
    "value": 5,
  },
  {
    "box": 6,
    "col": 2,
    "isConstant": true,
    "options": [],
    "row": 8,
    "value": 1,
  },
  {
    "box": 7,
    "col": 3,
    "isConstant": false,
    "options": [
      9,
    ],
    "row": 8,
    "value": null,
  },
  {
    "box": 7,
    "col": 4,
    "isConstant": false,
    "options": [
      8,
    ],
    "row": 8,
    "value": null,
  },
  {
    "box": 7,
    "col": 5,
    "isConstant": true,
    "options": [],
    "row": 8,
    "value": 2,
  },
  {
    "box": 8,
    "col": 6,
    "isConstant": true,
    "options": [],
    "row": 8,
    "value": 3,
  },
  {
    "box": 8,
    "col": 7,
    "isConstant": false,
    "options": [
      4,
    ],
    "row": 8,
    "value": null,
  },
  {
    "box": 8,
    "col": 8,
    "isConstant": true,
    "options": [],
    "row": 8,
    "value": 7,
  },
]
`;

exports[`resolver > resolveStep 2`] = `
[
  {
    "box": 0,
    "col": 0,
    "isConstant": false,
    "options": [],
    "row": 0,
    "value": 1,
  },
  {
    "box": 0,
    "col": 1,
    "isConstant": true,
    "options": [],
    "row": 0,
    "value": 6,
  },
  {
    "box": 0,
    "col": 2,
    "isConstant": true,
    "options": [],
    "row": 0,
    "value": 3,
  },
  {
    "box": 1,
    "col": 3,
    "isConstant": true,
    "options": [],
    "row": 0,
    "value": 5,
  },
  {
    "box": 1,
    "col": 4,
    "isConstant": false,
    "options": [],
    "row": 0,
    "value": 9,
  },
  {
    "box": 1,
    "col": 5,
    "isConstant": false,
    "options": [
      4,
    ],
    "row": 0,
    "value": null,
  },
  {
    "box": 2,
    "col": 6,
    "isConstant": false,
    "options": [
      8,
    ],
    "row": 0,
    "value": null,
  },
  {
    "box": 2,
    "col": 7,
    "isConstant": false,
    "options": [
      7,
    ],
    "row": 0,
    "value": null,
  },
  {
    "box": 2,
    "col": 8,
    "isConstant": false,
    "options": [
      2,
    ],
    "row": 0,
    "value": null,
  },
  {
    "box": 0,
    "col": 0,
    "isConstant": false,
    "options": [
      5,
    ],
    "row": 1,
    "value": null,
  },
  {
    "box": 0,
    "col": 1,
    "isConstant": true,
    "options": [],
    "row": 1,
    "value": 2,
  },
  {
    "box": 0,
    "col": 2,
    "isConstant": true,
    "options": [],
    "row": 1,
    "value": 7,
  },
  {
    "box": 1,
    "col": 3,
    "isConstant": false,
    "options": [
      8,
    ],
    "row": 1,
    "value": null,
  },
  {
    "box": 1,
    "col": 4,
    "isConstant": false,
    "options": [
      1,
    ],
    "row": 1,
    "value": null,
  },
  {
    "box": 1,
    "col": 5,
    "isConstant": false,
    "options": [
      3,
    ],
    "row": 1,
    "value": null,
  },
  {
    "box": 2,
    "col": 6,
    "isConstant": false,
    "options": [
      6,
    ],
    "row": 1,
    "value": null,
  },
  {
    "box": 2,
    "col": 7,
    "isConstant": true,
    "options": [],
    "row": 1,
    "value": 9,
  },
  {
    "box": 2,
    "col": 8,
    "isConstant": true,
    "options": [],
    "row": 1,
    "value": 4,
  },
  {
    "box": 0,
    "col": 0,
    "isConstant": false,
    "options": [
      8,
    ],
    "row": 2,
    "value": null,
  },
  {
    "box": 0,
    "col": 1,
    "isConstant": true,
    "options": [],
    "row": 2,
    "value": 9,
  },
  {
    "box": 0,
    "col": 2,
    "isConstant": true,
    "options": [],
    "row": 2,
    "value": 4,
  },
  {
    "box": 1,
    "col": 3,
    "isConstant": false,
    "options": [
      2,
      6,
    ],
    "row": 2,
    "value": null,
  },
  {
    "box": 1,
    "col": 4,
    "isConstant": false,
    "options": [
      2,
      6,
    ],
    "row": 2,
    "value": null,
  },
  {
    "box": 1,
    "col": 5,
    "isConstant": false,
    "options": [
      7,
    ],
    "row": 2,
    "value": null,
  },
  {
    "box": 2,
    "col": 6,
    "isConstant": true,
    "options": [],
    "row": 2,
    "value": 5,
  },
  {
    "box": 2,
    "col": 7,
    "isConstant": true,
    "options": [],
    "row": 2,
    "value": 1,
  },
  {
    "box": 2,
    "col": 8,
    "isConstant": false,
    "options": [
      3,
    ],
    "row": 2,
    "value": null,
  },
  {
    "box": 3,
    "col": 0,
    "isConstant": false,
    "options": [
      3,
      4,
      7,
      9,
    ],
    "row": 3,
    "value": null,
  },
  {
    "box": 3,
    "col": 1,
    "isConstant": false,
    "options": [
      1,
      3,
      7,
      8,
    ],
    "row": 3,
    "value": null,
  },
  {
    "box": 3,
    "col": 2,
    "isConstant": false,
    "options": [
      2,
      8,
    ],
    "row": 3,
    "value": null,
  },
  {
    "box": 4,
    "col": 3,
    "isConstant": false,
    "options": [
      1,
      2,
      3,
    ],
    "row": 3,
    "value": null,
  },
  {
    "box": 4,
    "col": 4,
    "isConstant": false,
    "options": [
      2,
      7,
    ],
    "row": 3,
    "value": null,
  },
  {
    "box": 4,
    "col": 5,
    "isConstant": false,
    "options": [
      5,
    ],
    "row": 3,
    "value": null,
  },
  {
    "box": 5,
    "col": 6,
    "isConstant": false,
    "options": [
      2,
      4,
    ],
    "row": 3,
    "value": null,
  },
  {
    "box": 5,
    "col": 7,
    "isConstant": false,
    "options": [
      6,
    ],
    "row": 3,
    "value": null,
  },
  {
    "box": 5,
    "col": 8,
    "isConstant": false,
    "options": [
      1,
      9,
    ],
    "row": 3,
    "value": null,
  },
  {
    "box": 3,
    "col": 0,
    "isConstant": false,
    "options": [
      3,
      4,
      7,
    ],
    "row": 4,
    "value": null,
  },
  {
    "box": 3,
    "col": 1,
    "isConstant": false,
    "options": [
      1,
      3,
      7,
    ],
    "row": 4,
    "value": null,
  },
  {
    "box": 3,
    "col": 2,
    "isConstant": false,
    "options": [
      2,
      5,
      6,
    ],
    "row": 4,
    "value": null,
  },
  {
    "box": 4,
    "col": 3,
    "isConstant": false,
    "options": [
      1,
      2,
      3,
      6,
    ],
    "row": 4,
    "value": null,
  },
  {
    "box": 4,
    "col": 4,
    "isConstant": false,
    "options": [
      2,
      6,
      7,
    ],
    "row": 4,
    "value": null,
  },
  {
    "box": 4,
    "col": 5,
    "isConstant": true,
    "options": [],
    "row": 4,
    "value": 9,
  },
  {
    "box": 5,
    "col": 6,
    "isConstant": false,
    "options": [
      2,
      4,
    ],
    "row": 4,
    "value": null,
  },
  {
    "box": 5,
    "col": 7,
    "isConstant": true,
    "options": [],
    "row": 4,
    "value": 8,
  },
  {
    "box": 5,
    "col": 8,
    "isConstant": false,
    "options": [
      1,
      5,
    ],
    "row": 4,
    "value": null,
  },
  {
    "box": 3,
    "col": 0,
    "isConstant": false,
    "options": [
      9,
    ],
    "row": 5,
    "value": null,
  },
  {
    "box": 3,
    "col": 1,
    "isConstant": false,
    "options": [
      1,
    ],
    "row": 5,
    "value": null,
  },
  {
    "box": 3,
    "col": 2,
    "isConstant": false,
    "options": [
      2,
      5,
      6,
    ],
    "row": 5,
    "value": null,
  },
  {
    "box": 4,
    "col": 3,
    "isConstant": false,
    "options": [
      1,
      2,
      6,
    ],
    "row": 5,
    "value": null,
  },
  {
    "box": 4,
    "col": 4,
    "isConstant": true,
    "options": [],
    "row": 5,
    "value": 4,
  },
  {
    "box": 4,
    "col": 5,
    "isConstant": true,
    "options": [],
    "row": 5,
    "value": 8,
  },
  {
    "box": 5,
    "col": 6,
    "isConstant": true,
    "options": [],
    "row": 5,
    "value": 7,
  },
  {
    "box": 5,
    "col": 7,
    "isConstant": true,
    "options": [],
    "row": 5,
    "value": 3,
  },
  {
    "box": 5,
    "col": 8,
    "isConstant": false,
    "options": [
      1,
      5,
      9,
    ],
    "row": 5,
    "value": null,
  },
  {
    "box": 6,
    "col": 0,
    "isConstant": false,
    "options": [
      3,
      7,
    ],
    "row": 6,
    "value": null,
  },
  {
    "box": 6,
    "col": 1,
    "isConstant": false,
    "options": [
      3,
      7,
      8,
    ],
    "row": 6,
    "value": null,
  },
  {
    "box": 6,
    "col": 2,
    "isConstant": false,
    "options": [
      8,
    ],
    "row": 6,
    "value": null,
  },
  {
    "box": 7,
    "col": 3,
    "isConstant": true,
    "options": [],
    "row": 6,
    "value": 4,
  },
  {
    "box": 7,
    "col": 4,
    "isConstant": true,
    "options": [],
    "row": 6,
    "value": 5,
  },
  {
    "box": 7,
    "col": 5,
    "isConstant": false,
    "options": [
      1,
    ],
    "row": 6,
    "value": null,
  },
  {
    "box": 8,
    "col": 6,
    "isConstant": false,
    "options": [
      9,
    ],
    "row": 6,
    "value": null,
  },
  {
    "box": 8,
    "col": 7,
    "isConstant": true,
    "options": [],
    "row": 6,
    "value": 2,
  },
  {
    "box": 8,
    "col": 8,
    "isConstant": false,
    "options": [
      6,
    ],
    "row": 6,
    "value": null,
  },
  {
    "box": 6,
    "col": 0,
    "isConstant": true,
    "options": [],
    "row": 7,
    "value": 2,
  },
  {
    "box": 6,
    "col": 1,
    "isConstant": false,
    "options": [
      4,
    ],
    "row": 7,
    "value": null,
  },
  {
    "box": 6,
    "col": 2,
    "isConstant": false,
    "options": [
      9,
    ],
    "row": 7,
    "value": null,
  },
  {
    "box": 7,
    "col": 3,
    "isConstant": false,
    "options": [
      7,
    ],
    "row": 7,
    "value": null,
  },
  {
    "box": 7,
    "col": 4,
    "isConstant": true,
    "options": [],
    "row": 7,
    "value": 3,
  },
  {
    "box": 7,
    "col": 5,
    "isConstant": true,
    "options": [],
    "row": 7,
    "value": 6,
  },
  {
    "box": 8,
    "col": 6,
    "isConstant": true,
    "options": [],
    "row": 7,
    "value": 1,
  },
  {
    "box": 8,
    "col": 7,
    "isConstant": false,
    "options": [
      5,
    ],
    "row": 7,
    "value": null,
  },
  {
    "box": 8,
    "col": 8,
    "isConstant": true,
    "options": [],
    "row": 7,
    "value": 8,
  },
  {
    "box": 6,
    "col": 0,
    "isConstant": false,
    "options": [
      6,
    ],
    "row": 8,
    "value": null,
  },
  {
    "box": 6,
    "col": 1,
    "isConstant": true,
    "options": [],
    "row": 8,
    "value": 5,
  },
  {
    "box": 6,
    "col": 2,
    "isConstant": true,
    "options": [],
    "row": 8,
    "value": 1,
  },
  {
    "box": 7,
    "col": 3,
    "isConstant": false,
    "options": [
      9,
    ],
    "row": 8,
    "value": null,
  },
  {
    "box": 7,
    "col": 4,
    "isConstant": false,
    "options": [
      8,
    ],
    "row": 8,
    "value": null,
  },
  {
    "box": 7,
    "col": 5,
    "isConstant": true,
    "options": [],
    "row": 8,
    "value": 2,
  },
  {
    "box": 8,
    "col": 6,
    "isConstant": true,
    "options": [],
    "row": 8,
    "value": 3,
  },
  {
    "box": 8,
    "col": 7,
    "isConstant": false,
    "options": [
      4,
    ],
    "row": 8,
    "value": null,
  },
  {
    "box": 8,
    "col": 8,
    "isConstant": true,
    "options": [],
    "row": 8,
    "value": 7,
  },
]
`;
