// Vitest Snapshot v1

exports[`Grid > should render the grid 1`] = `
[
  <div
    class="_cell_5111c9 _isConstant_5111c9"
    data-testid="cell"
  >
    1
  </div>,
  <div
    class="_cell_5111c9 _isConstant_5111c9"
    data-testid="cell"
  >
    2
  </div>,
  <div
    class="_cell_5111c9 _isConstant_5111c9"
    data-testid="cell"
  >
    3
  </div>,
  <div
    class="_cell_5111c9 _isConstant_5111c9"
    data-testid="cell"
  >
    2
  </div>,
  <div
    class="_cell_5111c9 _isConstant_5111c9"
    data-testid="cell"
  >
    3
  </div>,
  <div
    class="_cell_5111c9 _isConstant_5111c9"
    data-testid="cell"
  >
    4
  </div>,
  <div
    class="_cell_5111c9 _isConstant_5111c9"
    data-testid="cell"
  >
    3
  </div>,
  <div
    class="_cell_5111c9 _isConstant_5111c9"
    data-testid="cell"
  >
    4
  </div>,
  <div
    class="_cell_5111c9 _isConstant_5111c9"
    data-testid="cell"
  >
    5
  </div>,
  <div
    class="_cell_5111c9 _isConstant_5111c9"
    data-testid="cell"
  >
    4
  </div>,
  <div
    class="_cell_5111c9 _isConstant_5111c9"
    data-testid="cell"
  >
    5
  </div>,
  <div
    class="_cell_5111c9 _isConstant_5111c9"
    data-testid="cell"
  >
    6
  </div>,
  <div
    class="_cell_5111c9 _isConstant_5111c9"
    data-testid="cell"
  >
    5
  </div>,
  <div
    class="_cell_5111c9 _isConstant_5111c9"
    data-testid="cell"
  >
    6
  </div>,
  <div
    class="_cell_5111c9 _isConstant_5111c9"
    data-testid="cell"
  >
    7
  </div>,
  <div
    class="_cell_5111c9 _isConstant_5111c9"
    data-testid="cell"
  >
    6
  </div>,
  <div
    class="_cell_5111c9 _isConstant_5111c9"
    data-testid="cell"
  >
    7
  </div>,
  <div
    class="_cell_5111c9 _isConstant_5111c9"
    data-testid="cell"
  >
    8
  </div>,
  <div
    class="_cell_5111c9 _isConstant_5111c9"
    data-testid="cell"
  >
    7
  </div>,
  <div
    class="_cell_5111c9 _isConstant_5111c9"
    data-testid="cell"
  >
    8
  </div>,
  <div
    class="_cell_5111c9 _isConstant_5111c9"
    data-testid="cell"
  >
    9
  </div>,
  <div
    class="_cell_5111c9 _isConstant_5111c9"
    data-testid="cell"
  >
    8
  </div>,
  <div
    class="_cell_5111c9 _isConstant_5111c9"
    data-testid="cell"
  >
    9
  </div>,
  <div
    class="_cell_5111c9 _isConstant_5111c9"
    data-testid="cell"
  >
    1
  </div>,
  <div
    class="_cell_5111c9 _isConstant_5111c9"
    data-testid="cell"
  >
    9
  </div>,
  <div
    class="_cell_5111c9 _isConstant_5111c9"
    data-testid="cell"
  >
    1
  </div>,
  <div
    class="_cell_5111c9 _isConstant_5111c9"
    data-testid="cell"
  >
    2
  </div>,
  <div
    class="_cell_5111c9 _isConstant_5111c9"
    data-testid="cell"
  >
    4
  </div>,
  <div
    class="_cell_5111c9 _isConstant_5111c9"
    data-testid="cell"
  >
    5
  </div>,
  <div
    class="_cell_5111c9 _isConstant_5111c9"
    data-testid="cell"
  >
    6
  </div>,
  <div
    class="_cell_5111c9 _isConstant_5111c9"
    data-testid="cell"
  >
    5
  </div>,
  <div
    class="_cell_5111c9 _isConstant_5111c9"
    data-testid="cell"
  >
    6
  </div>,
  <div
    class="_cell_5111c9 _isConstant_5111c9"
    data-testid="cell"
  >
    7
  </div>,
  <div
    class="_cell_5111c9 _isConstant_5111c9"
    data-testid="cell"
  >
    6
  </div>,
  <div
    class="_cell_5111c9 _isConstant_5111c9"
    data-testid="cell"
  >
    7
  </div>,
  <div
    class="_cell_5111c9 _isConstant_5111c9"
    data-testid="cell"
  >
    8
  </div>,
  <div
    class="_cell_5111c9 _isConstant_5111c9"
    data-testid="cell"
  >
    7
  </div>,
  <div
    class="_cell_5111c9 _isConstant_5111c9"
    data-testid="cell"
  >
    8
  </div>,
  <div
    class="_cell_5111c9 _isConstant_5111c9"
    data-testid="cell"
  >
    9
  </div>,
  <div
    class="_cell_5111c9 _isConstant_5111c9"
    data-testid="cell"
  >
    8
  </div>,
  <div
    class="_cell_5111c9 _isConstant_5111c9"
    data-testid="cell"
  >
    9
  </div>,
  <div
    class="_cell_5111c9 _isConstant_5111c9"
    data-testid="cell"
  >
    1
  </div>,
  <div
    class="_cell_5111c9 _isConstant_5111c9"
    data-testid="cell"
  >
    9
  </div>,
  <div
    class="_cell_5111c9 _isConstant_5111c9"
    data-testid="cell"
  >
    1
  </div>,
  <div
    class="_cell_5111c9 _isConstant_5111c9"
    data-testid="cell"
  >
    2
  </div>,
  <div
    class="_cell_5111c9 _isConstant_5111c9"
    data-testid="cell"
  >
    1
  </div>,
  <div
    class="_cell_5111c9 _isConstant_5111c9"
    data-testid="cell"
  >
    2
  </div>,
  <div
    class="_cell_5111c9 _isConstant_5111c9"
    data-testid="cell"
  >
    3
  </div>,
  <div
    class="_cell_5111c9 _isConstant_5111c9"
    data-testid="cell"
  >
    2
  </div>,
  <div
    class="_cell_5111c9 _isConstant_5111c9"
    data-testid="cell"
  >
    3
  </div>,
  <div
    class="_cell_5111c9 _isConstant_5111c9"
    data-testid="cell"
  >
    4
  </div>,
  <div
    class="_cell_5111c9 _isConstant_5111c9"
    data-testid="cell"
  >
    3
  </div>,
  <div
    class="_cell_5111c9 _isConstant_5111c9"
    data-testid="cell"
  >
    4
  </div>,
  <div
    class="_cell_5111c9 _isConstant_5111c9"
    data-testid="cell"
  >
    5
  </div>,
  <div
    class="_cell_5111c9 _isConstant_5111c9"
    data-testid="cell"
  >
    7
  </div>,
  <div
    class="_cell_5111c9 _isConstant_5111c9"
    data-testid="cell"
  >
    8
  </div>,
  <div
    class="_cell_5111c9 _isConstant_5111c9"
    data-testid="cell"
  >
    9
  </div>,
  <div
    class="_cell_5111c9 _isConstant_5111c9"
    data-testid="cell"
  >
    8
  </div>,
  <div
    class="_cell_5111c9 _isConstant_5111c9"
    data-testid="cell"
  >
    9
  </div>,
  <div
    class="_cell_5111c9 _isConstant_5111c9"
    data-testid="cell"
  >
    1
  </div>,
  <div
    class="_cell_5111c9 _isConstant_5111c9"
    data-testid="cell"
  >
    9
  </div>,
  <div
    class="_cell_5111c9 _isConstant_5111c9"
    data-testid="cell"
  >
    1
  </div>,
  <div
    class="_cell_5111c9 _isConstant_5111c9"
    data-testid="cell"
  >
    2
  </div>,
  <div
    class="_cell_5111c9 _isConstant_5111c9"
    data-testid="cell"
  >
    1
  </div>,
  <div
    class="_cell_5111c9 _isConstant_5111c9"
    data-testid="cell"
  >
    2
  </div>,
  <div
    class="_cell_5111c9 _isConstant_5111c9"
    data-testid="cell"
  >
    3
  </div>,
  <div
    class="_cell_5111c9 _isConstant_5111c9"
    data-testid="cell"
  >
    2
  </div>,
  <div
    class="_cell_5111c9 _isConstant_5111c9"
    data-testid="cell"
  >
    3
  </div>,
  <div
    class="_cell_5111c9 _isConstant_5111c9"
    data-testid="cell"
  >
    4
  </div>,
  <div
    class="_cell_5111c9 _isConstant_5111c9"
    data-testid="cell"
  >
    3
  </div>,
  <div
    class="_cell_5111c9 _isConstant_5111c9"
    data-testid="cell"
  >
    4
  </div>,
  <div
    class="_cell_5111c9 _isConstant_5111c9"
    data-testid="cell"
  >
    5
  </div>,
  <div
    class="_cell_5111c9 _isConstant_5111c9"
    data-testid="cell"
  >
    4
  </div>,
  <div
    class="_cell_5111c9 _isConstant_5111c9"
    data-testid="cell"
  >
    5
  </div>,
  <div
    class="_cell_5111c9 _isConstant_5111c9"
    data-testid="cell"
  >
    6
  </div>,
  <div
    class="_cell_5111c9 _isConstant_5111c9"
    data-testid="cell"
  >
    5
  </div>,
  <div
    class="_cell_5111c9 _isConstant_5111c9"
    data-testid="cell"
  >
    6
  </div>,
  <div
    class="_cell_5111c9 _isConstant_5111c9"
    data-testid="cell"
  >
    7
  </div>,
  <div
    class="_cell_5111c9 _isConstant_5111c9"
    data-testid="cell"
  >
    6
  </div>,
  <div
    class="_cell_5111c9 _isConstant_5111c9"
    data-testid="cell"
  >
    7
  </div>,
  <div
    class="_cell_5111c9 _isConstant_5111c9"
    data-testid="cell"
  >
    8
  </div>,
]
`;
